// Jest Snapshot v1, https://goo.gl/fbAQLP

exports[`./RegistrationPage.js should match default section snapshot 1`] = `<div />`;

exports[`./RegistrationPage.js should show error message on 409 1`] = `<div />`;
